T_NUMBER 2 1 0
T_ALPHABET_SYMBOL a 2 0
T_ALPHABET_SYMBOL b 2 2
T_NUMBER 3 3 0
T_NUMBER 2 4 0
T_NUMBER 2 5 0
T_NUMBER 3 5 2
T_ALPHABET_SYMBOL a 6 0
T_ALPHABET_SYMBOL b 6 2
T_KEYWORD terminal 7 0
T_NUMBER 2 7 9
T_NUMBER 2 8 0
T_NUMBER 2 8 2
T_ALPHABET_SYMBOL a 9 0
T_ALPHABET_SYMBOL b 9 2
T_NUMBER 2 10 0
T_NUMBER 3 11 0
T_NUMBER 3 11 2
T_ALPHABET_SYMBOL a 12 0
T_ALPHABET_SYMBOL b 12 2
T_NUMBER 1 13 0
